// Jest Snapshot v1, https://goo.gl/fbAQLP

exports[`snapshot: renders Tooltip unchanged 1`] = `
<div>
  <div
    class="relative flex items-center justify-center group"
    data-testid="hover-target"
  >
    <div
      class="invisible -z-10 md:flex absolute rounded transition-all duration-150 text-slate-100 opacity-0 pointer-events-none max-w-[250px] flex-col w-max items-start m-1 group-hover:pointer-events-auto group-hover:opacity-100 group-hover:ml-[var(--tooltip-ml)] group-hover:mr-[var(--tooltip-mr)] group-hover:mt-[var(--tooltip-mt)] group-hover:mb-[var(--tooltip-mb)] px-4 py-2"
      data-testid="tooltip"
    >
      <div
        class="absolute whitespace-nowrap rotate-45 w-[var(--tooltip-size)] h-[var(--tooltip-size)] [--tooltip-size:0.75rem]"
      />
      <span
        class=""
      />
    </div>
    Test
  </div>
</div>
`;
